// Jest Snapshot v1, https://goo.gl/fbAQLP

exports[`Countdown should render 1`] = `
<DocumentFragment>
  <div
    class="flex w-fit first:ml-2"
  >
    <div
      class="flex flex-col ml-auto items-center mr-2"
    >
      <div
        class="flex"
      >
        <div
          class="bg-slate-400 rounded-md text-white-100 text-lg font-bold mr-1 h-9 w-7 flex justify-center items-center"
        >
          0
        </div>
        <div
          class="bg-slate-400 rounded-md text-white-100 text-lg font-bold mr-1 h-9 w-7 flex justify-center items-center"
        >
          2
        </div>
      </div>
      <span
        class="uppercase font-light text-sm mt-2 text-slate-400"
      >
        day
      </span>
    </div>
    <div
      class="flex flex-col ml-auto items-center mr-2"
    >
      <div
        class="flex"
      >
        <div
          class="bg-slate-400 rounded-md text-white-100 text-lg font-bold mr-1 h-9 w-7 flex justify-center items-center"
        >
          0
        </div>
        <div
          class="bg-slate-400 rounded-md text-white-100 text-lg font-bold mr-1 h-9 w-7 flex justify-center items-center"
        >
          0
        </div>
      </div>
      <span
        class="uppercase font-light text-sm mt-2 text-slate-400"
      >
        hr
      </span>
    </div>
    <div
      class="flex flex-col ml-auto items-center mr-2"
    >
      <div
        class="flex"
      >
        <div
          class="bg-slate-400 rounded-md text-white-100 text-lg font-bold mr-1 h-9 w-7 flex justify-center items-center"
        >
          0
        </div>
        <div
          class="bg-slate-400 rounded-md text-white-100 text-lg font-bold mr-1 h-9 w-7 flex justify-center items-center"
        >
          0
        </div>
      </div>
      <span
        class="uppercase font-light text-sm mt-2 text-slate-400"
      >
        min
      </span>
    </div>
    <div
      class="flex flex-col ml-auto items-center mr-2"
    >
      <div
        class="flex"
      >
        <div
          class="bg-slate-400 rounded-md text-white-100 text-lg font-bold mr-1 h-9 w-7 flex justify-center items-center"
        >
          0
        </div>
        <div
          class="bg-slate-400 rounded-md text-white-100 text-lg font-bold mr-1 h-9 w-7 flex justify-center items-center"
        >
          0
        </div>
      </div>
      <span
        class="uppercase font-light text-sm mt-2 text-slate-400"
      >
        sec
      </span>
    </div>
  </div>
</DocumentFragment>
`;
