// Jest Snapshot v1, https://goo.gl/fbAQLP

exports[`Sidebar should render the sidebar 1`] = `
<DocumentFragment>
  <div
    class="flex flex-col bg-lavender fixed h-full pb-8 z-40 pr-6"
  >
    <ul
      class="pt-8 mx-8"
    >
      <li>
        <div
          class="flex font-semibold text-lg cursor-pointer hover:text-brown py-6"
          href="/missions"
        >
          <i
            class="w-6 h-6 mx-4"
            data-testid="missions-icon"
          >
            <test-file-stub
              classname="fill-current"
            />
          </i>
          <a
            href="/missions"
          >
            Missions
          </a>
        </div>
      </li>
      <li>
        <div
          class="flex font-semibold text-lg cursor-pointer hover:text-brown py-6"
          href="/launchpad"
        >
          <i
            class="w-6 h-6 mx-4"
            data-testid="launchpad-icon"
          >
            <test-file-stub
              classname="fill-current"
            />
          </i>
          <a
            href="/launchpad"
          >
            Launchpad
          </a>
        </div>
      </li>
      <li>
        <div
          class="flex font-semibold text-lg cursor-pointer hover:text-brown py-6"
          href="/loibons"
        >
          <i
            class="w-6 h-6 mx-4"
            data-testid="loibon-icon"
          >
            <test-file-stub
              classname="fill-current"
            />
          </i>
          <a
            href="/loibons"
          >
            Loibons
          </a>
        </div>
      </li>
      <li>
        <div
          class="flex font-semibold text-lg cursor-pointer hover:text-brown py-6"
          href="/treasury"
        >
          <i
            class="w-6 h-6 mx-4"
            data-testid="treasury-icon"
          >
            <test-file-stub
              classname="fill-current"
            />
          </i>
          <a
            href="/treasury"
          >
            Treasury
          </a>
        </div>
      </li>
      <li>
        <div
          class="flex font-semibold text-lg cursor-pointer hover:text-brown py-6 items-center"
          href="/token"
        >
          <i
            class="w-5 h-5 ml-4 mr-5"
            data-testid="token-icon"
          >
            <test-file-stub
              classname="fill-current"
            />
          </i>
          <a
            href="/token"
          >
            Token
          </a>
        </div>
      </li>
    </ul>
    <div
      class="flex flex-col font-semibold text-lg mt-auto mb-14 ml-6"
    >
      <div
        class="flex font-semibold text-lg cursor-pointer hover:text-brown py-2"
        href="/test-path#"
      >
        <i
          class="flex items-center mx-4"
          data-testid="caret-icon"
        >
          <test-file-stub
            classname="fill-current"
          />
        </i>
        <a
          href="#"
        >
          Resources
        </a>
      </div>
      <div
        class="flex font-semibold text-lg cursor-pointer hover:text-brown py-4"
        href="/test-path#"
      >
        <i
          class="flex items-center mx-4"
          data-testid="caret-icon"
        >
          <test-file-stub
            classname="fill-current"
          />
        </i>
        <a
          href="#"
        >
          Socials
        </a>
      </div>
    </div>
  </div>
</DocumentFragment>
`;
